﻿
> learn-blazingly-fast@0.1.0 build
> vite build

[36mvite v5.4.21 [32mbuilding for production...[36m[39m
transforming...
[32mΓ£ô[39m 1623 modules transformed.
node.exe : [31mx[39m 
Build failed in 2.59s
At line:1 char:1
+ & "C:\Program 
Files\nodejs/node.exe" 
"C:\Program 
Files\nodejs/node_mo 
...
+ ~~~~~~~~~~~~~~~~~~~~~
~~~~~~~~~~~~~~~~~~~~~~~
~~~~~~~~~~~~~~~~~~~~~~~
~~
    + CategoryInfo     
         : NotSpecifi  
  ed: ([31mx[39m B   
 uild failed in 2.5    
9s:String) [], Rem    
oteException
    + FullyQualifiedEr 
   rorId : NativeComm  
  andError
 
[31merror during 
build:
[31mCould not resolve 
"../store/authStore.js"
 from "src/components/u
i/NameModal.jsx"[31m
file: [36mC:/Users/Emm
anuel/Desktop/Learning 
Platform/src/components
/ui/NameModal.jsx[31m
    at getRollupError (
file:///C:/Users/Emmanu
el/Desktop/Learning%20P
latform/node_modules/ro
llup/dist/es/shared/par
seAst.js:406:41)
    at error (file:///C
:/Users/Emmanuel/Deskto
p/Learning%20Platform/n
ode_modules/rollup/dist
/es/shared/parseAst.js:
402:42)
    at ModuleLoader.han
dleInvalidResolvedId (f
ile:///C:/Users/Emmanue
l/Desktop/Learning%20Pl
atform/node_modules/rol
lup/dist/es/shared/node
-entry.js:21765:24)
    at file:///C:/Users
/Emmanuel/Desktop/Learn
ing%20Platform/node_mod
ules/rollup/dist/es/sha
red/node-entry.js:21725
:26[39m
